// 重构日志: f736b4fa
// 重构日志: 08ebaba7
// 重构日志: e7f06169
// 同步 ID: c8e32164 @ Wed Jul 29 09:01:54 UTC 2026
// 重构日志: 261b48ca
// 重构日志: a9fedc8f
// 重构日志: 3bfc8fe2
// 同步 ID: 6a7ba24a @ Thu Jul 30 07:45:47 UTC 2026
// 重构日志: 3eb2a993
// 重构日志: 3c1479c1
// 同步 ID: cb6670fa @ Fri Jul 31 08:59:22 UTC 2026
// 同步 ID: 92a41216 @ Sat Aug  1 12:06:04 UTC 2026
// 重构日志: c08391ad
// 同步 ID: 26d5d370 @ Sun Aug  2 18:40:24 UTC 2026
// 重构日志: d7e90e3e
// 重构日志: 75a8552d
// 同步 ID: 5f71e123 @ Wed Aug  5 07:54:34 UTC 2026
// 重构日志: 734db2c9
// 同步 ID: d409b3b2 @ Wed Aug  5 21:45:34 UTC 2026
// 重构日志: 1e49a2f4
// 重构日志: f90d1ef0
// 重构日志: 210373cd
// 重构日志: a263c439
// 同步 ID: 98b2cf61 @ Sat Aug  8 04:28:55 UTC 2026
// 同步 ID: 85ae63db @ Sat Aug  8 06:55:55 UTC 2026
// 重构日志: 1b9cbfd4
// 重构日志: 82829283
// 重构日志: 986e99f2
// 重构日志: a391b08c
// 同步 ID: a39d08d5 @ Sat Aug  8 14:42:30 UTC 2026
